[% CLS %]For Best results, make sure your terminal type supports 256 (or more)
colors like 'xterm-256color'.  You should be using the "Awesome" fonts for
access to all Unicode characters and symbols:

    http://github.com/gabrielelana/awesome-terminal-fonts

[% BOX BRIGHT YELLOW,1,7,17,5,DOUBLE    %]This is a text box with a DOUBLE frame[% ENDBOX %]
[% BOX BRIGHT GREEN,18,7,21,4,THIN      %]This is a text box with a THIN frame[% ENDBOX %]
[% BOX BRIGHT RED,39,7,16,5,THICK       %]This is a text box with a THICK frame[% ENDBOX %]
[% BOX BRIGHT BLUE,56,7,16,5,CIRCLE     %]This is a text box with a CIRCLE frame[% ENDBOX %]
[% BOX PINK,1,12,20,5,ROUNDED           %]This is a text box with a ROUNDED frame[% ENDBOX %]
[% BOX ORANGE,18,17,16,5,BLOCK          %]This is a text box with a BLOCK frame[% ENDBOX %]
[% BOX BRIGHT BLUE,1,17,16,5,WEDGE      %]This is a text box with a WEDGE frame[% ENDBOX %]
[% BOX MAGENTA,53,16,14,6,DOTS          %]This is a text box with a DOTS frame[% ENDBOX %]
[% BOX CYAN,22,12,17,5,DIAMOND          %]This is a text box with a DIAMOND frame[% ENDBOX %]
[% BOX WHITE,41,12,22,4,STAR            %]This is a text box with a STAR frame[% ENDBOX %]
[% BOX RED,35,17,17,5,SQUARE            %]This is a text box with a SQUARE frame[% ENDBOX %]
[% BOX BRIGHT WHITE,1,22,17,5,DITHERED  %]This is a text box with a SQUARE frame[% ENDBOX %]
[% BOX BRIGHT MAGENTA,25,22,17,5,HEARTS %]This is a text box with a SQUARE frame[% ENDBOX %]

