[% CLS %]For Best results, make sure your terminal type supports 256 (or more)
colors like 'xterm-256color'.  You should be using the "Awesome" fonts for
access to all Unicode characters and symbols:

    http://github.com/gabrielelana/awesome-terminal-fonts

Horizontal rules

[% HORIZONTAL RULE PINK %]
[% HORIZONTAL RULE GREEN %]
[% HORIZONTAL RULE ORANGE %]
[% HORIZONTAL RULE MAGENTA %]
[% HORIZONTAL RULE CYAN %]
[% HORIZONTAL RULE BLUE %]
[% HORIZONTAL RULE RED %]
[% HORIZONTAL RULE YELLOW %]
[% HORIZONTAL RULE NAVY %]
[% HORIZONTAL RULE ROYAL BLUE %]

